C:\Program Files\dotnet\sdk\9.0.304\Sdks\Microsoft.NET.Sdk\targets\Microsoft.NET.Sdk.DefaultItems.targets(149,5): warning NETSDK1137: It is no longer necessary to use the Microsoft.NET.Sdk.WindowsDesktop SDK. Consider changing the Sdk attribute of the root Project element to 'Microsoft.NET.Sdk'. [C:\Users\PC\Downloads\School Files\Operating System Project\ScreenTimeMonitor.Service\ScreenTimeMonitor.Service.csproj]
C:\Program Files\dotnet\sdk\9.0.304\Sdks\Microsoft.NET.Sdk.WindowsDesktop\targets\Microsoft.NET.Sdk.WindowsDesktop.targets(138,5): warning NETSDK1106: Microsoft.NET.Sdk.WindowsDesktop requires 'UseWpf' or 'UseWindowsForms' to be set to 'true' [C:\Users\PC\Downloads\School Files\Operating System Project\ScreenTimeMonitor.Service\ScreenTimeMonitor.Service.csproj]
C:\Users\PC\Downloads\School Files\Operating System Project\ScreenTimeMonitor.Service\ScreenTimeMonitor.Service.csproj : warning NU1903: Package 'Npgsql' 8.0.0 has a known high severity vulnerability, https://github.com/advisories/GHSA-x9vc-6hfv-hg8c
C:\Program Files\dotnet\sdk\9.0.304\Sdks\Microsoft.NET.Sdk\targets\Microsoft.NET.Sdk.DefaultItems.targets(149,5): warning NETSDK1137: It is no longer necessary to use the Microsoft.NET.Sdk.WindowsDesktop SDK. Consider changing the Sdk attribute of the root Project element to 'Microsoft.NET.Sdk'. [C:\Users\PC\Downloads\School Files\Operating System Project\ScreenTimeMonitor.UI.WPF\ScreenTimeMonitor.UI.WPF.csproj]
C:\Users\PC\Downloads\School Files\Operating System Project\ScreenTimeMonitor.UI.WPF\ScreenTimeMonitor.UI.WPF.csproj : warning NU1603: ScreenTimeMonitor.UI.WPF depends on System.Data.SQLite (>= 1.0.118.1) but System.Data.SQLite 1.0.118.1 was not found. System.Data.SQLite 1.0.119 was resolved instead.
C:\Users\PC\Downloads\School Files\Operating System Project\ScreenTimeMonitor.UI.WPF\ScreenTimeMonitor.UI.WPF.csproj : warning NU1903: Package 'Npgsql' 8.0.0 has a known high severity vulnerability, https://github.com/advisories/GHSA-x9vc-6hfv-hg8c
C:\Users\PC\Downloads\School Files\Operating System Project\ScreenTimeMonitor.Service\Database\DatabaseInitializer.cs(155,27): warning CS1998: This async method lacks 'await' operators and will run synchronously. Consider using the 'await' operator to await non-blocking API calls, or 'await Task.Run(...)' to do CPU-bound work on a background thread. [C:\Users\PC\Downloads\School Files\Operating System Project\ScreenTimeMonitor.Service\ScreenTimeMonitor.Service.csproj]
C:\Users\PC\Downloads\School Files\Operating System Project\ScreenTimeMonitor.Service\Services\SystemMetricsService.cs(187,21): warning CS0618: 'PInvokeDeclarations.GlobalMemoryStatus(ref PInvokeDeclarations.MEMORYSTATUS)' is obsolete: 'Use GlobalMemoryStatusEx instead' [C:\Users\PC\Downloads\School Files\Operating System Project\ScreenTimeMonitor.Service\ScreenTimeMonitor.Service.csproj]
C:\Users\PC\Downloads\School Files\Operating System Project\ScreenTimeMonitor.Service\Services\IPCService.cs(244,55): error CS1061: 'IBackgroundProcessMonitorService' does not contain a definition for 'ResetSessionTracking' and no accessible extension method 'ResetSessionTracking' accepting a first argument of type 'IBackgroundProcessMonitorService' could be found (are you missing a using directive or an assembly reference?) [C:\Users\PC\Downloads\School Files\Operating System Project\ScreenTimeMonitor.Service\ScreenTimeMonitor.Service.csproj]

Build FAILED.

C:\Program Files\dotnet\sdk\9.0.304\Sdks\Microsoft.NET.Sdk\targets\Microsoft.NET.Sdk.DefaultItems.targets(149,5): warning NETSDK1137: It is no longer necessary to use the Microsoft.NET.Sdk.WindowsDesktop SDK. Consider changing the Sdk attribute of the root Project element to 'Microsoft.NET.Sdk'. [C:\Users\PC\Downloads\School Files\Operating System Project\ScreenTimeMonitor.Service\ScreenTimeMonitor.Service.csproj]
C:\Program Files\dotnet\sdk\9.0.304\Sdks\Microsoft.NET.Sdk.WindowsDesktop\targets\Microsoft.NET.Sdk.WindowsDesktop.targets(138,5): warning NETSDK1106: Microsoft.NET.Sdk.WindowsDesktop requires 'UseWpf' or 'UseWindowsForms' to be set to 'true' [C:\Users\PC\Downloads\School Files\Operating System Project\ScreenTimeMonitor.Service\ScreenTimeMonitor.Service.csproj]
C:\Users\PC\Downloads\School Files\Operating System Project\ScreenTimeMonitor.Service\ScreenTimeMonitor.Service.csproj : warning NU1903: Package 'Npgsql' 8.0.0 has a known high severity vulnerability, https://github.com/advisories/GHSA-x9vc-6hfv-hg8c
C:\Program Files\dotnet\sdk\9.0.304\Sdks\Microsoft.NET.Sdk\targets\Microsoft.NET.Sdk.DefaultItems.targets(149,5): warning NETSDK1137: It is no longer necessary to use the Microsoft.NET.Sdk.WindowsDesktop SDK. Consider changing the Sdk attribute of the root Project element to 'Microsoft.NET.Sdk'. [C:\Users\PC\Downloads\School Files\Operating System Project\ScreenTimeMonitor.UI.WPF\ScreenTimeMonitor.UI.WPF.csproj]
C:\Users\PC\Downloads\School Files\Operating System Project\ScreenTimeMonitor.UI.WPF\ScreenTimeMonitor.UI.WPF.csproj : warning NU1603: ScreenTimeMonitor.UI.WPF depends on System.Data.SQLite (>= 1.0.118.1) but System.Data.SQLite 1.0.118.1 was not found. System.Data.SQLite 1.0.119 was resolved instead.
C:\Users\PC\Downloads\School Files\Operating System Project\ScreenTimeMonitor.UI.WPF\ScreenTimeMonitor.UI.WPF.csproj : warning NU1903: Package 'Npgsql' 8.0.0 has a known high severity vulnerability, https://github.com/advisories/GHSA-x9vc-6hfv-hg8c
C:\Users\PC\Downloads\School Files\Operating System Project\ScreenTimeMonitor.Service\Database\DatabaseInitializer.cs(155,27): warning CS1998: This async method lacks 'await' operators and will run synchronously. Consider using the 'await' operator to await non-blocking API calls, or 'await Task.Run(...)' to do CPU-bound work on a background thread. [C:\Users\PC\Downloads\School Files\Operating System Project\ScreenTimeMonitor.Service\ScreenTimeMonitor.Service.csproj]
C:\Users\PC\Downloads\School Files\Operating System Project\ScreenTimeMonitor.Service\Services\SystemMetricsService.cs(187,21): warning CS0618: 'PInvokeDeclarations.GlobalMemoryStatus(ref PInvokeDeclarations.MEMORYSTATUS)' is obsolete: 'Use GlobalMemoryStatusEx instead' [C:\Users\PC\Downloads\School Files\Operating System Project\ScreenTimeMonitor.Service\ScreenTimeMonitor.Service.csproj]
C:\Users\PC\Downloads\School Files\Operating System Project\ScreenTimeMonitor.Service\Services\IPCService.cs(244,55): error CS1061: 'IBackgroundProcessMonitorService' does not contain a definition for 'ResetSessionTracking' and no accessible extension method 'ResetSessionTracking' accepting a first argument of type 'IBackgroundProcessMonitorService' could be found (are you missing a using directive or an assembly reference?) [C:\Users\PC\Downloads\School Files\Operating System Project\ScreenTimeMonitor.Service\ScreenTimeMonitor.Service.csproj]
    8 Warning(s)
    1 Error(s)

Time Elapsed 00:00:04.74

Workload updates are available. Run `dotnet workload list` for more information.
